// Jest Snapshot v1, https://goo.gl/fbAQLP

exports[`UploadPage matches snapshot 1`] = `
<Memo(DragAndDrop)
  handleFileChange={[Function]}
/>
`;
