// Jest Snapshot v1, https://goo.gl/fbAQLP

exports[`Header matches snapshot 1`] = `
<WithStyles(ForwardRef(AppBar))
  position="fixed"
>
  <WithStyles(ForwardRef(Toolbar))>
    <Styled(MuiBox)
      alignItems="center"
      display="flex"
      flexDirection="row"
      justifyContent="center"
      width="100%"
    >
      <WithStyles(ForwardRef(Button))
        color="inherit"
        component={
          Object {
            "$$typeof": Symbol(react.forward_ref),
            "propTypes": Object {
              "activeClassName": [Function],
              "activeStyle": [Function],
              "aria-current": [Function],
              "className": [Function],
              "exact": [Function],
              "innerRef": [Function],
              "isActive": [Function],
              "location": [Function],
              "onClick": [Function],
              "replace": [Function],
              "sensitive": [Function],
              "strict": [Function],
              "style": [Function],
              "target": [Function],
              "to": [Function],
            },
            "render": [Function],
          }
        }
        size="large"
        to="/"
      >
        Video Service
      </WithStyles(ForwardRef(Button))>
    </Styled(MuiBox)>
  </WithStyles(ForwardRef(Toolbar))>
</WithStyles(ForwardRef(AppBar))>
`;
