// Jest Snapshot v1, https://goo.gl/fbAQLP

exports[`Spinner matches snapshot 1`] = `
<WithStyles(ForwardRef(Backdrop))
  open={true}
>
  <WithStyles(ForwardRef(CircularProgress))
    color="inherit"
  />
</WithStyles(ForwardRef(Backdrop))>
`;
